<html>
<body>
<pre>
<h1>µVision Build Log</h1>
<h2>Project:</h2>
F:\Company\Í¯È¤\ÖÇÄÜÄÌÆ¿\trunk\code\USER\BabyBottle.uvproj
Project File Date:  08/10/2015

<h2>Output:</h2>
Build target 'Target 1'
compiling main.c...
..\HARDWARE\OLED\oled.h(77): warning:  #1295-D: Deprecated declaration Picture - give arg types
..\HARDWARE\OLED\oled.h(78): warning:  #1295-D: Deprecated declaration IIC_Start - give arg types
..\HARDWARE\OLED\oled.h(79): warning:  #1295-D: Deprecated declaration IIC_Stop - give arg types
..\HARDWARE\OLED\oled.h(83): warning:  #1295-D: Deprecated declaration IIC_Wait_Ack - give arg types
..\HARDWARE\OLED\oled.h(89): warning:  #1295-D: Deprecated declaration Inter_ShowChargePower - give arg types
..\HARDWARE\OLED\oled.h(91): warning:  #1295-D: Deprecated declaration Inter_ShowWeight - give arg types
..\HARDWARE\Temper\ds18b20.h(42): warning:  #1295-D: Deprecated declaration Inter_GetTemp - give arg types
main.c(44): warning:  #177-D: variable "t" was declared but never referenced
main.c(46): warning:  #177-D: variable "buf" was declared but never referenced
compiling stm32f10x_it.c...
compiling system_stm32f10x.c...
compiling led.c...
compiling oled.c...
..\HARDWARE\OLED\oled.h(77): warning:  #1295-D: Deprecated declaration Picture - give arg types
..\HARDWARE\OLED\oled.h(78): warning:  #1295-D: Deprecated declaration IIC_Start - give arg types
..\HARDWARE\OLED\oled.h(79): warning:  #1295-D: Deprecated declaration IIC_Stop - give arg types
..\HARDWARE\OLED\oled.h(83): warning:  #1295-D: Deprecated declaration IIC_Wait_Ack - give arg types
..\HARDWARE\OLED\oled.h(89): warning:  #1295-D: Deprecated declaration Inter_ShowChargePower - give arg types
..\HARDWARE\OLED\oled.h(91): warning:  #1295-D: Deprecated declaration Inter_ShowWeight - give arg types
..\HARDWARE\OLED\oled.c(459): warning:  #223-D: function "sprintf" declared implicitly
..\HARDWARE\OLED\oled.c(460): warning:  #167-D: argument of type "char *" is incompatible with parameter of type "u8 *"
compiling ds18b20.c...
..\HARDWARE\Temper\ds18b20.h(42): warning:  #1295-D: Deprecated declaration Inter_GetTemp - give arg types
..\HARDWARE\Temper\ds18b20.c(32): warning:  #61-D: integer operation result is out of range
..\HARDWARE\Temper\ds18b20.c(32): warning:  #68-D: integer conversion resulted in a change of sign
..\HARDWARE\Temper\ds18b20.c(57): warning:  #61-D: integer operation result is out of range
..\HARDWARE\Temper\ds18b20.c(57): warning:  #68-D: integer conversion resulted in a change of sign
..\HARDWARE\Temper\ds18b20.c(186): warning:  #223-D: function "sprintf" declared implicitly
..\HARDWARE\Temper\ds18b20.c(188): warning:  #120-D: return value type does not match the function type
compiling HX711.c...
compiling delay.c...
compiling sys.c...
compiling usart.c...
compiling core_cm3.c...
assembling startup_stm32f10x_hd.s...
compiling stm32f10x_gpio.c...
compiling stm32f10x_rcc.c...
compiling stm32f10x_usart.c...
compiling misc.c...
linking...
Program Size: Code=13176 RO-data=2604 RW-data=1356 ZI-data=1844  
FromELF: creating hex file...
"..\OBJ\LED.axf" - 0 Error(s), 24 Warning(s).
Clean started: Project: 'BabyBottle'
   deleting intermediate output files for target 'Target 1'
